// Jest Snapshot v1, https://goo.gl/fbAQLP

exports[`ScreenComponent renders correctly 1`] = `
<RCTSafeAreaView
  style={
    Object {
      "backgroundColor": "#333",
      "flex": 1,
      "flexDirection": "column",
    }
  }
>
  <Text>
    Test
  </Text>
</RCTSafeAreaView>
`;
