// Jest Snapshot v1, https://goo.gl/fbAQLP

exports[`CardComponent should renders correctly 1`] = `
<View
  accessible={true}
  collapsable={false}
  focusable={true}
  onClick={[Function]}
  onResponderGrant={[Function]}
  onResponderMove={[Function]}
  onResponderRelease={[Function]}
  onResponderTerminate={[Function]}
  onResponderTerminationRequest={[Function]}
  onStartShouldSetResponder={[Function]}
  style={
    Object {
      "flex": 1,
      "padding": 5,
      "transform": Array [
        Object {
          "translateX": 1,
        },
      ],
    }
  }
  testID="touchable-card"
>
  <View
    collapsable={false}
    style={
      Object {
        "alignItems": "center",
        "backfaceVisibility": "hidden",
        "backgroundColor": "#FFCC00",
        "borderColor": "#FFF",
        "borderRadius": 8,
        "borderWidth": 10,
        "flex": 1,
        "justifyContent": "center",
        "transform": Array [
          Object {
            "perspective": 1000,
          },
          Object {
            "rotateY": "180deg",
          },
        ],
      }
    }
  >
    <Text
      style={
        Object {
          "fontFamily": "Silkscreen-Regular",
          "fontSize": 40,
        }
      }
    >
      10
    </Text>
  </View>
  <View
    collapsable={false}
    style={
      Object {
        "alignItems": "center",
        "backfaceVisibility": "hidden",
        "borderColor": "#FFF",
        "borderRadius": 8,
        "borderWidth": 5,
        "flex": 1,
        "height": "100%",
        "justifyContent": "center",
        "left": 5,
        "position": "absolute",
        "top": 5,
        "transform": Array [
          Object {
            "perspective": 1000,
          },
          Object {
            "rotateY": "0deg",
          },
        ],
        "width": "100%",
      }
    }
  >
    <Image
      resizeMode="stretch"
      source={
        Object {
          "testUri": "../../../src/Assets/Images/card-back.png",
        }
      }
      style={
        Object {
          "backgroundColor": "#FFF",
          "height": "100%",
          "width": "100%",
        }
      }
    />
  </View>
</View>
`;
